
> build-storybook
> storybook build --output-dir=C:\Users\zaraf\AppData\Local\Temp\chromatic--19976-vPBRm7p5RpKx

[1mstorybook v10.0.2
[22m
info => Cleaning outputDir: [36mAppData/Local/Temp/chromatic--19976-vPBRm7p5RpKx[39m
info => Loading presets
info => Building manager..
info => Building preview..
[36mvite v7.1.12 [32mbuilding for production...[36m[39m
transforming...
[32m✓[39m 148 modules transformed.
rendering chunks...
computing gzip size...
[2mAppData/Local/Temp/chromatic--19976-vPBRm7p5RpKx/[22m[32massets/context-C0qIqeS4.png                    [39m[1m[2m    6.12 kB[22m[1m[22m
[2mAppData/Local/Temp/chromatic--19976-vPBRm7p5RpKx/[22m[32massets/styling-Bk6zjRzU.png                    [39m[1m[2m    7.24 kB[22m[1m[22m
[2mAppData/Local/Temp/chromatic--19976-vPBRm7p5RpKx/[22m[32miframe.html                                    [39m[1m[2m   18.14 kB[22m[1m[22m[2m │ gzip:   5.08 kB[22m
[2mAppData/Local/Temp/chromatic--19976-vPBRm7p5RpKx/[22m[32massets/docs---vsFbMi.png                       [39m[1m[2m   27.88 kB[22m[1m[22m
[2mAppData/Local/Temp/chromatic--19976-vPBRm7p5RpKx/[22m[32massets/share-DGA-UcQf.png                      [39m[1m[2m   40.77 kB[22m[1m[22m
[2mAppData/Local/Temp/chromatic--19976-vPBRm7p5RpKx/[22m[32massets/accessibility-W_h2acOZ.png              [39m[1m[2m   42.34 kB[22m[1m[22m
[2mAppData/Local/Temp/chromatic--19976-vPBRm7p5RpKx/[22m[32massets/figma-plugin-CH2hELiO.png               [39m[1m[2m   44.25 kB[22m[1m[22m
[2mAppData/Local/Temp/chromatic--19976-vPBRm7p5RpKx/[22m[32massets/theming-D6WJLNoW.png                    [39m[1m[2m   44.37 kB[22m[1m[22m
[2mAppData/Local/Temp/chromatic--19976-vPBRm7p5RpKx/[22m[32massets/testing-cbzR9l9r.png                    [39m[1m[2m   49.31 kB[22m[1m[22m
[2mAppData/Local/Temp/chromatic--19976-vPBRm7p5RpKx/[22m[32massets/addon-library-BWUCAmyN.png              [39m[1m[2m  467.37 kB[22m[1m[22m
[2mAppData/Local/Temp/chromatic--19976-vPBRm7p5RpKx/[22m[35massets/Header-Ck-SSN7O.css                     [39m[1m[2m    0.51 kB[22m[1m[22m[2m │ gzip:   0.30 kB[22m
[2mAppData/Local/Temp/chromatic--19976-vPBRm7p5RpKx/[22m[35massets/Button-B2efaGtC.css                     [39m[1m[2m    0.52 kB[22m[1m[22m[2m │ gzip:   0.29 kB[22m
[2mAppData/Local/Temp/chromatic--19976-vPBRm7p5RpKx/[22m[35massets/Page-CeeQJVdd.css                       [39m[1m[2m    0.91 kB[22m[1m[22m[2m │ gzip:   0.39 kB[22m
[2mAppData/Local/Temp/chromatic--19976-vPBRm7p5RpKx/[22m[36massets/formatter-OMEEQ6HG-DBcFA0qm.js          [39m[1m[2m    0.25 kB[22m[1m[22m[2m │ gzip:   0.22 kB[22m
[2mAppData/Local/Temp/chromatic--19976-vPBRm7p5RpKx/[22m[36massets/index-DVEgD1s0.js                       [39m[1m[2m    0.46 kB[22m[1m[22m[2m │ gzip:   0.30 kB[22m
[2mAppData/Local/Temp/chromatic--19976-vPBRm7p5RpKx/[22m[36massets/Header.stories-KJbheN0L.js              [39m[1m[2m    0.76 kB[22m[1m[22m[2m │ gzip:   0.43 kB[22m
[2mAppData/Local/Temp/chromatic--19976-vPBRm7p5RpKx/[22m[36massets/preload-helper-PPVm8Dsz.js              [39m[1m[2m    1.23 kB[22m[1m[22m[2m │ gzip:   0.71 kB[22m
[2mAppData/Local/Temp/chromatic--19976-vPBRm7p5RpKx/[22m[36massets/Button.stories-psFufwAY.js              [39m[1m[2m    1.26 kB[22m[1m[22m[2m │ gzip:   0.51 kB[22m
[2mAppData/Local/Temp/chromatic--19976-vPBRm7p5RpKx/[22m[36massets/DocsRenderer-HT7GNKAR-CBuiMvv8.js       [39m[1m[2m    1.34 kB[22m[1m[22m[2m │ gzip:   0.72 kB[22m
[2mAppData/Local/Temp/chromatic--19976-vPBRm7p5RpKx/[22m[36massets/Header-CfnXcZTD.js                      [39m[1m[2m    1.72 kB[22m[1m[22m[2m │ gzip:   0.77 kB[22m
[2mAppData/Local/Temp/chromatic--19976-vPBRm7p5RpKx/[22m[36massets/Button-D9t98gPX.js                      [39m[1m[2m    2.14 kB[22m[1m[22m[2m │ gzip:   1.04 kB[22m
[2mAppData/Local/Temp/chromatic--19976-vPBRm7p5RpKx/[22m[36massets/Page.stories-DyjvTmL3.js                [39m[1m[2m    3.50 kB[22m[1m[22m[2m │ gzip:   1.50 kB[22m
[2mAppData/Local/Temp/chromatic--19976-vPBRm7p5RpKx/[22m[36massets/index-DCFrfamo.js                       [39m[1m[2m    3.89 kB[22m[1m[22m[2m │ gzip:   1.52 kB[22m
[2mAppData/Local/Temp/chromatic--19976-vPBRm7p5RpKx/[22m[36massets/Configure-B09BOUYv.js                   [39m[1m[2m   25.61 kB[22m[1m[22m[2m │ gzip:  10.97 kB[22m
[2mAppData/Local/Temp/chromatic--19976-vPBRm7p5RpKx/[22m[36mvite-inject-mocker-entry.js                    [39m[1m[2m   28.76 kB[22m[1m[22m[2m │ gzip:  10.00 kB[22m
[2mAppData/Local/Temp/chromatic--19976-vPBRm7p5RpKx/[22m[36massets/Color-64QXVMR3-Cl0LT4eU.js              [39m[1m[2m   31.62 kB[22m[1m[22m[2m │ gzip:  11.94 kB[22m
[2mAppData/Local/Temp/chromatic--19976-vPBRm7p5RpKx/[22m[36massets/matchers-ZRZBO4XZ-DBTRU6dt.js           [39m[1m[2m   31.75 kB[22m[1m[22m[2m │ gzip:  10.95 kB[22m
[2mAppData/Local/Temp/chromatic--19976-vPBRm7p5RpKx/[22m[36massets/syntaxhighlighter-DK2ODWXH-CdR0tKTb.js  [39m[1m[2m   80.80 kB[22m[1m[22m[2m │ gzip:  28.50 kB[22m
[2mAppData/Local/Temp/chromatic--19976-vPBRm7p5RpKx/[22m[36massets/react-18-ziQ9DCyI.js                    [39m[1m[2m  181.95 kB[22m[1m[22m[2m │ gzip:  57.31 kB[22m
[2mAppData/Local/Temp/chromatic--19976-vPBRm7p5RpKx/[22m[36massets/axe-DyoGydpK.js                         [39m[1m[33m  579.03 kB[39m[22m[2m │ gzip: 159.63 kB[22m
[2mAppData/Local/Temp/chromatic--19976-vPBRm7p5RpKx/[22m[36massets/WithTooltip-SK46ZJ2J-Bdk5vr9c.js        [39m[1m[33m  643.92 kB[39m[22m[2m │ gzip: 211.67 kB[22m
[2mAppData/Local/Temp/chromatic--19976-vPBRm7p5RpKx/[22m[36massets/iframe-DjzexR_O.js                      [39m[1m[33m1,157.46 kB[39m[22m[2m │ gzip: 331.63 kB[22m
[32m✓ built in 16.19s[39m
info => Output directory: C:/Users/zaraf/AppData/Local/Temp/chromatic--19976-vPBRm7p5RpKx
